2018-08-29 09:45:30,921 log.py[line:14] DEBUG debug
2018-08-29 09:45:30,922 log.py[line:15] INFO info
2018-08-29 09:45:30,922 log.py[line:16] WARNING warning
2018-08-29 09:45:30,922 log.py[line:17] ERROR error
2018-08-29 09:45:30,922 log.py[line:18] CRITICAL critical
2018-08-29 09:45:31,119 connectionpool.py[line:205] DEBUG Starting new HTTP connection (1): 127.0.0.1:8000
2018-08-29 09:45:31,214 connectionpool.py[line:393] DEBUG http://127.0.0.1:8000 "POST /polls/1/vote/ HTTP/1.1" 200 39
2018-08-29 09:45:31,216 TestRequest.py[line:34] INFO success
2018-08-29 09:45:31,216 TestRequest.py[line:35] INFO testvote:1-1
2018-08-29 09:45:31,216 TestRequest.py[line:36] INFO  期望结果：success
2018-08-29 09:45:31,220 connectionpool.py[line:205] DEBUG Starting new HTTP connection (1): 127.0.0.1:8000
2018-08-29 09:45:31,234 connectionpool.py[line:393] DEBUG http://127.0.0.1:8000 "POST /polls/1/vote/ HTTP/1.1" 200 76
2018-08-29 09:45:31,235 TestRequest.py[line:34] INFO success
2018-08-29 09:45:31,236 TestRequest.py[line:35] INFO testvote:1-1
2018-08-29 09:45:31,236 TestRequest.py[line:36] INFO  期望结果：There is no choice id in this question ID!
2018-08-29 09:45:31,249 connectionpool.py[line:205] DEBUG Starting new HTTP connection (1): 127.0.0.1:8000
2018-08-29 09:45:31,256 connectionpool.py[line:393] DEBUG http://127.0.0.1:8000 "GET /polls/1/ HTTP/1.1" 200 124
2018-08-29 09:45:31,258 TestRequest.py[line:76] INFO success
2018-08-29 09:45:31,258 TestRequest.py[line:77] INFO test_getPolls:1-2
2018-08-29 09:45:31,258 TestRequest.py[line:78] INFO  期望结果：生化危机
2018-08-29 09:45:31,262 connectionpool.py[line:205] DEBUG Starting new HTTP connection (1): 127.0.0.1:8000
2018-08-29 09:45:31,267 connectionpool.py[line:393] DEBUG http://127.0.0.1:8000 "GET /polls/1/ HTTP/1.1" 200 124
2018-08-29 09:45:31,268 TestRequest.py[line:89] ERROR success
2018-08-29 09:45:31,268 TestRequest.py[line:90] ERROR test_getPolls:1-2
2018-08-29 09:45:31,269 TestRequest.py[line:91] ERROR  期望结果：古墓丽影
2018-08-29 09:45:31,272 connectionpool.py[line:205] DEBUG Starting new HTTP connection (1): 127.0.0.1:8000
2018-08-29 09:45:31,278 connectionpool.py[line:393] DEBUG http://127.0.0.1:8000 "GET /polls/ HTTP/1.1" 200 244
2018-08-29 09:45:31,280 TestRequest.py[line:76] INFO success
2018-08-29 09:45:31,280 TestRequest.py[line:77] INFO testquestions:1-3
2018-08-29 09:45:31,280 TestRequest.py[line:78] INFO  期望结果：success
2018-08-29 09:45:31,291 connectionpool.py[line:205] DEBUG Starting new HTTP connection (1): 127.0.0.1:8000
2018-08-29 09:45:31,297 connectionpool.py[line:393] DEBUG http://127.0.0.1:8000 "POST /polls/login/ HTTP/1.1" 200 48
2018-08-29 09:45:31,298 TestRequest.py[line:34] INFO success
2018-08-29 09:45:31,298 TestRequest.py[line:35] INFO testvote:1-5
2018-08-29 09:45:31,298 TestRequest.py[line:36] INFO  期望结果：login successful
2018-08-29 09:45:31,301 connectionpool.py[line:205] DEBUG Starting new HTTP connection (1): 127.0.0.1:8000
2018-08-29 09:45:31,305 connectionpool.py[line:393] DEBUG http://127.0.0.1:8000 "POST /polls/login/ HTTP/1.1" 200 69
2018-08-29 09:45:31,306 TestRequest.py[line:34] INFO success
2018-08-29 09:45:31,307 TestRequest.py[line:35] INFO testvote:1-5
2018-08-29 09:45:31,307 TestRequest.py[line:36] INFO  期望结果：username or password is not correct
2018-08-29 09:45:31,323 connectionpool.py[line:823] DEBUG Starting new HTTPS connection (1): www.apiopen.top:443
2018-08-29 09:45:31,633 connectionpool.py[line:393] DEBUG https://www.apiopen.top:443 "GET /login?key=00d91e8e0cca2b76f515926a36db68f5&phone=13594347817&passwd=123456 HTTP/1.1" 200 333
2018-08-29 09:45:31,636 TestRequest.py[line:76] INFO success
2018-08-29 09:45:31,636 TestRequest.py[line:77] INFO testvote1-4
2018-08-29 09:45:31,636 TestRequest.py[line:78] INFO  期望结果：13594347817
2018-08-29 09:45:31,641 connectionpool.py[line:823] DEBUG Starting new HTTPS connection (1): www.apiopen.top:443
2018-08-29 09:45:31,901 connectionpool.py[line:393] DEBUG https://www.apiopen.top:443 "GET /login?key=00d91e8e0cca2b76f515926a36db68f5&phone=13594347817&passwd=1234567 HTTP/1.1" 200 63
2018-08-29 09:45:31,906 TestRequest.py[line:76] INFO success
2018-08-29 09:45:31,906 TestRequest.py[line:77] INFO testvote1-4
2018-08-29 09:45:31,906 TestRequest.py[line:78] INFO  期望结果：用户名或者密码错误
2018-08-29 09:45:31,920 connectionpool.py[line:823] DEBUG Starting new HTTPS connection (1): www.apiopen.top:443
2018-08-29 09:45:32,237 connectionpool.py[line:393] DEBUG https://www.apiopen.top:443 "GET /novelSearchApi?name=%E7%9B%97%E5%A2%93%E7%AC%94%E8%AE%B0 HTTP/1.1" 200 275
2018-08-29 09:45:32,239 TestRequest.py[line:76] INFO success
2018-08-29 09:45:32,239 TestRequest.py[line:77] INFO test_get_novelSearchAPI1-6
2018-08-29 09:45:32,239 TestRequest.py[line:78] INFO  期望结果：盗墓笔记
2018-08-29 09:45:32,242 connectionpool.py[line:823] DEBUG Starting new HTTPS connection (1): www.apiopen.top:443
2018-08-29 09:45:32,544 connectionpool.py[line:393] DEBUG https://www.apiopen.top:443 "GET /novelSearchApi?name=%E7%9B%97%E5%A2%93%E7%AC%94%E8%AE%B0123 HTTP/1.1" 200 58
2018-08-29 09:45:32,549 TestRequest.py[line:76] INFO success
2018-08-29 09:45:32,550 TestRequest.py[line:77] INFO test_get_novelSearchAPI1-6
2018-08-29 09:45:32,550 TestRequest.py[line:78] INFO  期望结果：未获取到相关数据!
2018-08-29 09:45:32,572 connectionpool.py[line:823] DEBUG Starting new HTTPS connection (1): www.apiopen.top:443
2018-08-29 09:45:32,838 connectionpool.py[line:393] DEBUG https://www.apiopen.top:443 "GET /addStatistics?appKey=00d91e8e0cca2b76f515926a36db68f5&type=%E7%82%B9%E5%87%BB%E7%BB%9F%E8%AE%A1&typeId=1&count=2 HTTP/1.1" 200 46
2018-08-29 09:45:32,840 TestRequest.py[line:76] INFO success
2018-08-29 09:45:32,840 TestRequest.py[line:77] INFO test_get_addStatisticsAPI1-7
2018-08-29 09:45:32,841 TestRequest.py[line:78] INFO  期望结果：统计成功
2018-08-29 09:45:32,842 connectionpool.py[line:823] DEBUG Starting new HTTPS connection (1): www.apiopen.top:443
2018-08-29 09:45:33,110 connectionpool.py[line:393] DEBUG https://www.apiopen.top:443 "GET /addStatistics?appKey=00d91e8e0cca2b76f515926a36db6555&type=%E7%82%B9%E5%87%BB%E7%BB%9F%E8%AE%A1&typeId=1&count=2 HTTP/1.1" 200 61
2018-08-29 09:45:33,113 TestRequest.py[line:76] INFO success
2018-08-29 09:45:33,114 TestRequest.py[line:77] INFO test_get_addStatisticsAPI1-7
2018-08-29 09:45:33,114 TestRequest.py[line:78] INFO  期望结果：您的应用还没有注册!
2018-08-29 09:45:33,117 connectionpool.py[line:823] DEBUG Starting new HTTPS connection (1): www.apiopen.top:443
2018-08-29 09:45:33,405 connectionpool.py[line:393] DEBUG https://www.apiopen.top:443 "GET /addStatistics?appKey=00d91e8e0cca2b76f515926a36db68f5&type=%E7%82%B9%E5%87%BB%E7%BB%9F%E8%AE%A1&typeId=1&count=abc HTTP/1.1" 200 49
2018-08-29 09:45:33,407 TestRequest.py[line:76] INFO success
2018-08-29 09:45:33,407 TestRequest.py[line:77] INFO test_get_addStatisticsAPI1-7
2018-08-29 09:45:33,407 TestRequest.py[line:78] INFO  期望结果：服务器异常!
2018-08-29 09:45:33,417 connectionpool.py[line:823] DEBUG Starting new HTTPS connection (1): www.apiopen.top:443
2018-08-29 09:45:33,677 connectionpool.py[line:393] DEBUG https://www.apiopen.top:443 "GET /createUserKey?appId=com.chat.peakchao&passwd=123456 HTTP/1.1" 200 109
2018-08-29 09:45:33,681 TestRequest.py[line:76] INFO success
2018-08-29 09:45:33,681 TestRequest.py[line:77] INFO test_get_createUserKeyAPI1-8
2018-08-29 09:45:33,681 TestRequest.py[line:78] INFO  期望结果：成功!
2018-08-29 09:45:33,684 connectionpool.py[line:823] DEBUG Starting new HTTPS connection (1): www.apiopen.top:443
2018-08-29 09:45:33,937 connectionpool.py[line:393] DEBUG https://www.apiopen.top:443 "GET /createUserKey?appId=com.chat.peakchao&passwd=1234567 HTTP/1.1" 200 57
2018-08-29 09:45:33,939 TestRequest.py[line:76] INFO success
2018-08-29 09:45:33,939 TestRequest.py[line:77] INFO test_get_createUserKeyAPI1-8
2018-08-29 09:45:33,940 TestRequest.py[line:78] INFO  期望结果：该AppId已经被注册!
